Component: Arm Compiler for Embedded 6.18 Tool: armlink [5e4cc100]

==============================================================================

Section Cross References

    main.o(.text.main) refers to read.o(.text.read8) for read8
    main.o(.text.main) refers to toggle.o(.text.toggle) for toggle
    main.o(.text.main) refers to main.o(.bss.last) for [Anonymous Symbol]
    main.o(.ARM.exidx.text.main) refers to main.o(.text.main) for [Anonymous Symbol]
    toggle.o(.text.toggle) refers to write.o(.text.write8) for write8
    toggle.o(.text.toggle) refers to toggle.o(.data.value) for [Anonymous Symbol]
    toggle.o(.ARM.exidx.text.toggle) refers to toggle.o(.text.toggle) for [Anonymous Symbol]
    read.o(.ARM.exidx.text.read8) refers to read.o(.text.read8) for [Anonymous Symbol]
    write.o(.ARM.exidx.text.write8) refers to write.o(.text.write8) for [Anonymous Symbol]
    datainit_ctboard.o(.text) refers (Weak) to startup_ctboard.o(STACK) for Stack_Mem
    datainit_ctboard.o(.text) refers to main.o(.text.main) for main
    startup_ctboard.o(RESET) refers to startup_ctboard.o(STACK) for __initial_sp
    startup_ctboard.o(RESET) refers to startup_ctboard.o(.text) for Reset_Handler
    startup_ctboard.o(.text) refers to system_ctboard.o(.text.__system) for __system
    startup_ctboard.o(.text) refers to datainit_ctboard.o(.text) for __main
    system_ctboard.o(.text.__system) refers to system_ctboard.o(.text.system_enter_run) for system_enter_run
    system_ctboard.o(.ARM.exidx.text.__system) refers to system_ctboard.o(.text.__system) for [Anonymous Symbol]
    system_ctboard.o(.text.system_enter_run) refers to hal_rcc.o(.text.hal_rcc_reset) for hal_rcc_reset
    system_ctboard.o(.text.system_enter_run) refers to hal_rcc.o(.text.hal_rcc_set_osc) for hal_rcc_set_osc
    system_ctboard.o(.text.system_enter_run) refers to hal_rcc.o(.text.hal_rcc_setup_pll) for hal_rcc_setup_pll
    system_ctboard.o(.text.system_enter_run) refers to hal_pwr.o(.text.hal_pwr_set_overdrive) for hal_pwr_set_overdrive
    system_ctboard.o(.text.system_enter_run) refers to hal_rcc.o(.text.hal_rcc_setup_clock) for hal_rcc_setup_clock
    system_ctboard.o(.text.system_enter_run) refers to hal_gpio.o(.text.hal_gpio_init_alternate) for hal_gpio_init_alternate
    system_ctboard.o(.text.system_enter_run) refers to hal_fmc.o(.text.hal_fmc_init_sram) for hal_fmc_init_sram
    system_ctboard.o(.ARM.exidx.text.system_enter_run) refers to system_ctboard.o(.text.system_enter_run) for [Anonymous Symbol]
    system_ctboard.o(.ARM.exidx.text.system_enter_sleep) refers to system_ctboard.o(.text.system_enter_sleep) for [Anonymous Symbol]
    system_ctboard.o(.ARM.exidx.text.system_enter_stop) refers to system_ctboard.o(.text.system_enter_stop) for [Anonymous Symbol]
    system_ctboard.o(.ARM.exidx.text.system_enter_standby) refers to system_ctboard.o(.text.system_enter_standby) for [Anonymous Symbol]
    hal_fmc.o(.ARM.exidx.text.hal_fmc_reset) refers to hal_fmc.o(.text.hal_fmc_reset) for [Anonymous Symbol]
    hal_fmc.o(.ARM.exidx.text.hal_fmc_init_sram) refers to hal_fmc.o(.text.hal_fmc_init_sram) for [Anonymous Symbol]
    hal_gpio.o(.ARM.exidx.text.hal_gpio_reset) refers to hal_gpio.o(.text.hal_gpio_reset) for [Anonymous Symbol]
    hal_gpio.o(.ARM.exidx.text.hal_gpio_init_input) refers to hal_gpio.o(.text.hal_gpio_init_input) for [Anonymous Symbol]
    hal_gpio.o(.ARM.exidx.text.hal_gpio_init_analog) refers to hal_gpio.o(.text.hal_gpio_init_analog) for [Anonymous Symbol]
    hal_gpio.o(.ARM.exidx.text.hal_gpio_init_output) refers to hal_gpio.o(.text.hal_gpio_init_output) for [Anonymous Symbol]
    hal_gpio.o(.text.hal_gpio_init_alternate) refers to hal_gpio.o(.text.hal_gpio_init_output) for hal_gpio_init_output
    hal_gpio.o(.ARM.exidx.text.hal_gpio_init_alternate) refers to hal_gpio.o(.text.hal_gpio_init_alternate) for [Anonymous Symbol]
    hal_gpio.o(.ARM.exidx.text.hal_gpio_input_read) refers to hal_gpio.o(.text.hal_gpio_input_read) for [Anonymous Symbol]
    hal_gpio.o(.ARM.exidx.text.hal_gpio_output_read) refers to hal_gpio.o(.text.hal_gpio_output_read) for [Anonymous Symbol]
    hal_gpio.o(.ARM.exidx.text.hal_gpio_output_write) refers to hal_gpio.o(.text.hal_gpio_output_write) for [Anonymous Symbol]
    hal_gpio.o(.ARM.exidx.text.hal_gpio_bit_set) refers to hal_gpio.o(.text.hal_gpio_bit_set) for [Anonymous Symbol]
    hal_gpio.o(.ARM.exidx.text.hal_gpio_bit_reset) refers to hal_gpio.o(.text.hal_gpio_bit_reset) for [Anonymous Symbol]
    hal_gpio.o(.ARM.exidx.text.hal_gpio_bit_toggle) refers to hal_gpio.o(.text.hal_gpio_bit_toggle) for [Anonymous Symbol]
    hal_gpio.o(.ARM.exidx.text.hal_gpio_irq_set) refers to hal_gpio.o(.text.hal_gpio_irq_set) for [Anonymous Symbol]
    hal_gpio.o(.ARM.exidx.text.hal_gpio_irq_status) refers to hal_gpio.o(.text.hal_gpio_irq_status) for [Anonymous Symbol]
    hal_gpio.o(.ARM.exidx.text.hal_gpio_irq_clear) refers to hal_gpio.o(.text.hal_gpio_irq_clear) for [Anonymous Symbol]
    hal_pwr.o(.ARM.exidx.text.hal_pwr_reset) refers to hal_pwr.o(.text.hal_pwr_reset) for [Anonymous Symbol]
    hal_pwr.o(.ARM.exidx.text.hal_pwr_set_backup_domain) refers to hal_pwr.o(.text.hal_pwr_set_backup_domain) for [Anonymous Symbol]
    hal_pwr.o(.ARM.exidx.text.hal_pwr_set_backup_access) refers to hal_pwr.o(.text.hal_pwr_set_backup_access) for [Anonymous Symbol]
    hal_pwr.o(.ARM.exidx.text.hal_pwr_set_wakeup_pin) refers to hal_pwr.o(.text.hal_pwr_set_wakeup_pin) for [Anonymous Symbol]
    hal_pwr.o(.ARM.exidx.text.hal_pwr_set_flash_powerdown) refers to hal_pwr.o(.text.hal_pwr_set_flash_powerdown) for [Anonymous Symbol]
    hal_pwr.o(.ARM.exidx.text.hal_pwr_set_overdrive) refers to hal_pwr.o(.text.hal_pwr_set_overdrive) for [Anonymous Symbol]
    hal_pwr.o(.ARM.exidx.text.hal_pwr_set_underdrive) refers to hal_pwr.o(.text.hal_pwr_set_underdrive) for [Anonymous Symbol]
    hal_rcc.o(.ARM.exidx.text.hal_rcc_reset) refers to hal_rcc.o(.text.hal_rcc_reset) for [Anonymous Symbol]
    hal_rcc.o(.ARM.exidx.text.hal_rcc_set_peripheral) refers to hal_rcc.o(.text.hal_rcc_set_peripheral) for [Anonymous Symbol]
    hal_rcc.o(.ARM.exidx.text.hal_rcc_set_osc) refers to hal_rcc.o(.text.hal_rcc_set_osc) for [Anonymous Symbol]
    hal_rcc.o(.ARM.exidx.text.hal_rcc_setup_pll) refers to hal_rcc.o(.text.hal_rcc_setup_pll) for [Anonymous Symbol]
    hal_rcc.o(.ARM.exidx.text.hal_rcc_setup_clock) refers to hal_rcc.o(.text.hal_rcc_setup_clock) for [Anonymous Symbol]


==============================================================================

Removing Unused input sections from the image.

    Removing main.o(.text), (0 bytes).
    Removing main.o(.ARM.exidx.text.main), (8 bytes).
    Removing main.o(.ARM.use_no_argv), (4 bytes).
    Removing toggle.o(.text), (0 bytes).
    Removing toggle.o(.ARM.exidx.text.toggle), (8 bytes).
    Removing read.o(.text), (0 bytes).
    Removing read.o(.ARM.exidx.text.read8), (8 bytes).
    Removing write.o(.text), (0 bytes).
    Removing write.o(.ARM.exidx.text.write8), (8 bytes).
    Removing startup_ctboard.o(HEAP), (2048 bytes).
    Removing system_ctboard.o(.text), (0 bytes).
    Removing system_ctboard.o(.ARM.exidx.text.__system), (8 bytes).
    Removing system_ctboard.o(.ARM.exidx.text.system_enter_run), (8 bytes).
    Removing system_ctboard.o(.text.system_enter_sleep), (2 bytes).
    Removing system_ctboard.o(.ARM.exidx.text.system_enter_sleep), (8 bytes).
    Removing system_ctboard.o(.text.system_enter_stop), (2 bytes).
    Removing system_ctboard.o(.ARM.exidx.text.system_enter_stop), (8 bytes).
    Removing system_ctboard.o(.text.system_enter_standby), (2 bytes).
    Removing system_ctboard.o(.ARM.exidx.text.system_enter_standby), (8 bytes).
    Removing hal_fmc.o(.text), (0 bytes).
    Removing hal_fmc.o(.text.hal_fmc_reset), (72 bytes).
    Removing hal_fmc.o(.ARM.exidx.text.hal_fmc_reset), (8 bytes).
    Removing hal_fmc.o(.ARM.exidx.text.hal_fmc_init_sram), (8 bytes).
    Removing hal_gpio.o(.text), (0 bytes).
    Removing hal_gpio.o(.text.hal_gpio_reset), (76 bytes).
    Removing hal_gpio.o(.ARM.exidx.text.hal_gpio_reset), (8 bytes).
    Removing hal_gpio.o(.text.hal_gpio_init_input), (164 bytes).
    Removing hal_gpio.o(.ARM.exidx.text.hal_gpio_init_input), (8 bytes).
    Removing hal_gpio.o(.text.hal_gpio_init_analog), (248 bytes).
    Removing hal_gpio.o(.ARM.exidx.text.hal_gpio_init_analog), (8 bytes).
    Removing hal_gpio.o(.ARM.exidx.text.hal_gpio_init_output), (8 bytes).
    Removing hal_gpio.o(.ARM.exidx.text.hal_gpio_init_alternate), (8 bytes).
    Removing hal_gpio.o(.text.hal_gpio_input_read), (6 bytes).
    Removing hal_gpio.o(.ARM.exidx.text.hal_gpio_input_read), (8 bytes).
    Removing hal_gpio.o(.text.hal_gpio_output_read), (6 bytes).
    Removing hal_gpio.o(.ARM.exidx.text.hal_gpio_output_read), (8 bytes).
    Removing hal_gpio.o(.text.hal_gpio_output_write), (28 bytes).
    Removing hal_gpio.o(.ARM.exidx.text.hal_gpio_output_write), (8 bytes).
    Removing hal_gpio.o(.text.hal_gpio_bit_set), (32 bytes).
    Removing hal_gpio.o(.ARM.exidx.text.hal_gpio_bit_set), (8 bytes).
    Removing hal_gpio.o(.text.hal_gpio_bit_reset), (36 bytes).
    Removing hal_gpio.o(.ARM.exidx.text.hal_gpio_bit_reset), (8 bytes).
    Removing hal_gpio.o(.text.hal_gpio_bit_toggle), (36 bytes).
    Removing hal_gpio.o(.ARM.exidx.text.hal_gpio_bit_toggle), (8 bytes).
    Removing hal_gpio.o(.text.hal_gpio_irq_set), (316 bytes).
    Removing hal_gpio.o(.ARM.exidx.text.hal_gpio_irq_set), (8 bytes).
    Removing hal_gpio.o(.text.hal_gpio_irq_status), (28 bytes).
    Removing hal_gpio.o(.ARM.exidx.text.hal_gpio_irq_status), (8 bytes).
    Removing hal_gpio.o(.text.hal_gpio_irq_clear), (16 bytes).
    Removing hal_gpio.o(.ARM.exidx.text.hal_gpio_irq_clear), (8 bytes).
    Removing hal_pwr.o(.text), (0 bytes).
    Removing hal_pwr.o(.text.hal_pwr_reset), (20 bytes).
    Removing hal_pwr.o(.ARM.exidx.text.hal_pwr_reset), (8 bytes).
    Removing hal_pwr.o(.text.hal_pwr_set_backup_domain), (60 bytes).
    Removing hal_pwr.o(.ARM.exidx.text.hal_pwr_set_backup_domain), (8 bytes).
    Removing hal_pwr.o(.text.hal_pwr_set_backup_access), (28 bytes).
    Removing hal_pwr.o(.ARM.exidx.text.hal_pwr_set_backup_access), (8 bytes).
    Removing hal_pwr.o(.text.hal_pwr_set_wakeup_pin), (28 bytes).
    Removing hal_pwr.o(.ARM.exidx.text.hal_pwr_set_wakeup_pin), (8 bytes).
    Removing hal_pwr.o(.text.hal_pwr_set_flash_powerdown), (28 bytes).
    Removing hal_pwr.o(.ARM.exidx.text.hal_pwr_set_flash_powerdown), (8 bytes).
    Removing hal_pwr.o(.ARM.exidx.text.hal_pwr_set_overdrive), (8 bytes).
    Removing hal_pwr.o(.text.hal_pwr_set_underdrive), (4 bytes).
    Removing hal_pwr.o(.ARM.exidx.text.hal_pwr_set_underdrive), (8 bytes).
    Removing hal_rcc.o(.text), (0 bytes).
    Removing hal_rcc.o(.ARM.exidx.text.hal_rcc_reset), (8 bytes).
    Removing hal_rcc.o(.text.hal_rcc_set_peripheral), (232 bytes).
    Removing hal_rcc.o(.ARM.exidx.text.hal_rcc_set_peripheral), (8 bytes).
    Removing hal_rcc.o(.ARM.exidx.text.hal_rcc_set_osc), (8 bytes).
    Removing hal_rcc.o(.ARM.exidx.text.hal_rcc_setup_pll), (8 bytes).
    Removing hal_rcc.o(.ARM.exidx.text.hal_rcc_setup_clock), (8 bytes).

71 unused section(s) (total 3818 bytes) removed from the image.

==============================================================================

Image Symbol Table

    Local Symbols

    Symbol Name                              Value     Ov Type        Size  Object(Section)

    RTE/Device/CT_Board_HS14_M0/datainit_ctboard.s 0x00000000   Number         0  datainit_ctboard.o ABSOLUTE
    RTE/Device/CT_Board_HS14_M0/startup_ctboard.s 0x00000000   Number         0  startup_ctboard.o ABSOLUTE
    hal_fmc.c                                0x00000000   Number         0  hal_fmc.o ABSOLUTE
    hal_gpio.c                               0x00000000   Number         0  hal_gpio.o ABSOLUTE
    hal_pwr.c                                0x00000000   Number         0  hal_pwr.o ABSOLUTE
    hal_rcc.c                                0x00000000   Number         0  hal_rcc.o ABSOLUTE
    main.c                                   0x00000000   Number         0  main.o ABSOLUTE
    read.c                                   0x00000000   Number         0  read.o ABSOLUTE
    system_ctboard.c                         0x00000000   Number         0  system_ctboard.o ABSOLUTE
    toggle.c                                 0x00000000   Number         0  toggle.o ABSOLUTE
    write.c                                  0x00000000   Number         0  write.o ABSOLUTE
    RESET                                    0x08000000   Section      428  startup_ctboard.o(RESET)
    .text                                    0x080001ac   Section      124  datainit_ctboard.o(.text)
    .text                                    0x08000228   Section       36  startup_ctboard.o(.text)
    [Anonymous Symbol]                       0x0800024c   Section        0  system_ctboard.o(.text.__system)
    [Anonymous Symbol]                       0x08000254   Section        0  hal_fmc.o(.text.hal_fmc_init_sram)
    __arm_cp.1_0                             0x08000398   Number         4  hal_fmc.o(.text.hal_fmc_init_sram)
    __arm_cp.1_1                             0x0800039c   Number         4  hal_fmc.o(.text.hal_fmc_init_sram)
    [Anonymous Symbol]                       0x080003a0   Section        0  hal_gpio.o(.text.hal_gpio_init_alternate)
    [Anonymous Symbol]                       0x08000498   Section        0  hal_gpio.o(.text.hal_gpio_init_output)
    __arm_cp.3_0                             0x080005b4   Number         4  hal_gpio.o(.text.hal_gpio_init_output)
    __arm_cp.3_1                             0x080005b8   Number         4  hal_gpio.o(.text.hal_gpio_init_output)
    [Anonymous Symbol]                       0x080005bc   Section        0  hal_pwr.o(.text.hal_pwr_set_overdrive)
    [Anonymous Symbol]                       0x080005c0   Section        0  hal_rcc.o(.text.hal_rcc_reset)
    __arm_cp.0_1                             0x08000628   Number         4  hal_rcc.o(.text.hal_rcc_reset)
    __arm_cp.0_2                             0x0800062c   Number         4  hal_rcc.o(.text.hal_rcc_reset)
    __arm_cp.0_3                             0x08000630   Number         4  hal_rcc.o(.text.hal_rcc_reset)
    __arm_cp.0_4                             0x08000634   Number         4  hal_rcc.o(.text.hal_rcc_reset)
    __arm_cp.0_5                             0x08000638   Number         4  hal_rcc.o(.text.hal_rcc_reset)
    __arm_cp.0_6                             0x0800063c   Number         4  hal_rcc.o(.text.hal_rcc_reset)
    __arm_cp.0_7                             0x08000640   Number         4  hal_rcc.o(.text.hal_rcc_reset)
    [Anonymous Symbol]                       0x08000644   Section        0  hal_rcc.o(.text.hal_rcc_set_osc)
    __arm_cp.2_0                             0x080006b0   Number         4  hal_rcc.o(.text.hal_rcc_set_osc)
    __arm_cp.2_1                             0x080006b4   Number         4  hal_rcc.o(.text.hal_rcc_set_osc)
    [Anonymous Symbol]                       0x080006b8   Section        0  hal_rcc.o(.text.hal_rcc_setup_clock)
    __arm_cp.4_0                             0x08000714   Number         4  hal_rcc.o(.text.hal_rcc_setup_clock)
    __arm_cp.4_1                             0x08000718   Number         4  hal_rcc.o(.text.hal_rcc_setup_clock)
    [Anonymous Symbol]                       0x0800071c   Section        0  hal_rcc.o(.text.hal_rcc_setup_pll)
    __arm_cp.3_0                             0x080007dc   Number         4  hal_rcc.o(.text.hal_rcc_setup_pll)
    __arm_cp.3_1                             0x080007e0   Number         4  hal_rcc.o(.text.hal_rcc_setup_pll)
    __arm_cp.3_2                             0x080007e4   Number         4  hal_rcc.o(.text.hal_rcc_setup_pll)
    __arm_cp.3_3                             0x080007e8   Number         4  hal_rcc.o(.text.hal_rcc_setup_pll)
    __arm_cp.3_4                             0x080007ec   Number         4  hal_rcc.o(.text.hal_rcc_setup_pll)
    __arm_cp.3_5                             0x080007f0   Number         4  hal_rcc.o(.text.hal_rcc_setup_pll)
    [Anonymous Symbol]                       0x080007f4   Section        0  main.o(.text.main)
    __arm_cp.0_0                             0x08000810   Number         4  main.o(.text.main)
    __arm_cp.0_1                             0x08000814   Number         4  main.o(.text.main)
    [Anonymous Symbol]                       0x08000818   Section        0  read.o(.text.read8)
    [Anonymous Symbol]                       0x0800081c   Section        0  system_ctboard.o(.text.system_enter_run)
    __arm_cp.1_0                             0x0800090c   Number         4  system_ctboard.o(.text.system_enter_run)
    __arm_cp.1_1                             0x08000910   Number         4  system_ctboard.o(.text.system_enter_run)
    __arm_cp.1_2                             0x08000914   Number         4  system_ctboard.o(.text.system_enter_run)
    __arm_cp.1_3                             0x08000918   Number         4  system_ctboard.o(.text.system_enter_run)
    __arm_cp.1_4                             0x0800091c   Number         4  system_ctboard.o(.text.system_enter_run)
    __arm_cp.1_5                             0x08000920   Number         4  system_ctboard.o(.text.system_enter_run)
    __arm_cp.1_6                             0x08000924   Number         4  system_ctboard.o(.text.system_enter_run)
    __arm_cp.1_7                             0x08000928   Number         4  system_ctboard.o(.text.system_enter_run)
    __arm_cp.1_8                             0x0800092c   Number         4  system_ctboard.o(.text.system_enter_run)
    __arm_cp.1_9                             0x08000930   Number         4  system_ctboard.o(.text.system_enter_run)
    __arm_cp.1_10                            0x08000934   Number         4  system_ctboard.o(.text.system_enter_run)
    __arm_cp.1_11                            0x08000938   Number         4  system_ctboard.o(.text.system_enter_run)
    __arm_cp.1_12                            0x0800093c   Number         4  system_ctboard.o(.text.system_enter_run)
    __arm_cp.1_13                            0x08000940   Number         4  system_ctboard.o(.text.system_enter_run)
    __arm_cp.1_14                            0x08000944   Number         4  system_ctboard.o(.text.system_enter_run)
    __arm_cp.1_15                            0x08000948   Number         4  system_ctboard.o(.text.system_enter_run)
    __arm_cp.1_16                            0x0800094c   Number         4  system_ctboard.o(.text.system_enter_run)
    __arm_cp.1_17                            0x08000950   Number         4  system_ctboard.o(.text.system_enter_run)
    __arm_cp.1_18                            0x08000954   Number         4  system_ctboard.o(.text.system_enter_run)
    [Anonymous Symbol]                       0x08000958   Section        0  toggle.o(.text.toggle)
    __arm_cp.0_0                             0x0800096c   Number         4  toggle.o(.text.toggle)
    __arm_cp.0_1                             0x08000970   Number         4  toggle.o(.text.toggle)
    [Anonymous Symbol]                       0x08000974   Section        0  write.o(.text.write8)
    value                                    0x20000000   Data           1  toggle.o(.data.value)
    [Anonymous Symbol]                       0x20000000   Section        0  toggle.o(.data.value)
    last                                     0x20000008   Data           1  main.o(.bss.last)
    [Anonymous Symbol]                       0x20000008   Section        0  main.o(.bss.last)
    STACK                                    0x20000010   Section     8192  startup_ctboard.o(STACK)
    __initial_sp                             0x20002010   Data           0  startup_ctboard.o(STACK)

    Global Symbols

    Symbol Name                              Value     Ov Type        Size  Object(Section)

    BuildAttributes$$THM_ISAv3M$S$PE$A:L22$X:L11$S22$IEEE1$IW$~IW$USESV6$~STKCKD$USESV7$~SHL$OTIME$EBA8$STANDARDLIB$REQ8$PRES8$EABIv2 0x00000000   Number         0  anon$$obj.o ABSOLUTE
    Image$$ER_IROM1$$Limit                    - Undefined Weak Reference
    Image$$RW_IRAM1$$Base                     - Undefined Weak Reference
    Image$$RW_IRAM1$$ZI$$Base                 - Undefined Weak Reference
    Image$$RW_IRAM1$$ZI$$Limit                - Undefined Weak Reference
    __Vectors_Size                           0x000001ac   Number         0  startup_ctboard.o ABSOLUTE
    Stack_Size                               0x00002000   Number         0  startup_ctboard.o ABSOLUTE
    __Vectors                                0x08000000   Data           4  startup_ctboard.o(RESET)
    __Vectors_End                            0x080001ac   Data           0  startup_ctboard.o(RESET)
    __main                                   0x080001ad   Thumb Code    74  datainit_ctboard.o(.text)
    Reset_Handler                            0x08000229   Thumb Code     8  startup_ctboard.o(.text)
    NMI_Handler                              0x08000231   Thumb Code     2  startup_ctboard.o(.text)
    HardFault_Handler                        0x08000233   Thumb Code     2  startup_ctboard.o(.text)
    MemManage_Handler                        0x08000235   Thumb Code     2  startup_ctboard.o(.text)
    BusFault_Handler                         0x08000237   Thumb Code     2  startup_ctboard.o(.text)
    UsageFault_Handler                       0x08000239   Thumb Code     2  startup_ctboard.o(.text)
    SVC_Handler                              0x0800023b   Thumb Code     2  startup_ctboard.o(.text)
    DebugMon_Handler                         0x0800023d   Thumb Code     2  startup_ctboard.o(.text)
    PendSV_Handler                           0x0800023f   Thumb Code     2  startup_ctboard.o(.text)
    SysTick_Handler                          0x08000241   Thumb Code     2  startup_ctboard.o(.text)
    ADC_IRQHandler                           0x08000243   Thumb Code     0  startup_ctboard.o(.text)
    CAN1_RX0_IRQHandler                      0x08000243   Thumb Code     0  startup_ctboard.o(.text)
    CAN1_RX1_IRQHandler                      0x08000243   Thumb Code     0  startup_ctboard.o(.text)
    CAN1_SCE_IRQHandler                      0x08000243   Thumb Code     0  startup_ctboard.o(.text)
    CAN1_TX_IRQHandler                       0x08000243   Thumb Code     0  startup_ctboard.o(.text)
    CAN2_RX0_IRQHandler                      0x08000243   Thumb Code     0  startup_ctboard.o(.text)
    CAN2_RX1_IRQHandler                      0x08000243   Thumb Code     0  startup_ctboard.o(.text)
    CAN2_SCE_IRQHandler                      0x08000243   Thumb Code     0  startup_ctboard.o(.text)
    CAN2_TX_IRQHandler                       0x08000243   Thumb Code     0  startup_ctboard.o(.text)
    CRYP_IRQHandler                          0x08000243   Thumb Code     0  startup_ctboard.o(.text)
    DCMI_IRQHandler                          0x08000243   Thumb Code     0  startup_ctboard.o(.text)
    DMA1_Stream0_IRQHandler                  0x08000243   Thumb Code     0  startup_ctboard.o(.text)
    DMA1_Stream1_IRQHandler                  0x08000243   Thumb Code     0  startup_ctboard.o(.text)
    DMA1_Stream2_IRQHandler                  0x08000243   Thumb Code     0  startup_ctboard.o(.text)
    DMA1_Stream3_IRQHandler                  0x08000243   Thumb Code     0  startup_ctboard.o(.text)
    DMA1_Stream4_IRQHandler                  0x08000243   Thumb Code     0  startup_ctboard.o(.text)
    DMA1_Stream5_IRQHandler                  0x08000243   Thumb Code     0  startup_ctboard.o(.text)
    DMA1_Stream6_IRQHandler                  0x08000243   Thumb Code     0  startup_ctboard.o(.text)
    DMA1_Stream7_IRQHandler                  0x08000243   Thumb Code     0  startup_ctboard.o(.text)
    DMA2D_IRQHandler                         0x08000243   Thumb Code     0  startup_ctboard.o(.text)
    DMA2_Stream0_IRQHandler                  0x08000243   Thumb Code     0  startup_ctboard.o(.text)
    DMA2_Stream1_IRQHandler                  0x08000243   Thumb Code     0  startup_ctboard.o(.text)
    DMA2_Stream2_IRQHandler                  0x08000243   Thumb Code     0  startup_ctboard.o(.text)
    DMA2_Stream3_IRQHandler                  0x08000243   Thumb Code     0  startup_ctboard.o(.text)
    DMA2_Stream4_IRQHandler                  0x08000243   Thumb Code     0  startup_ctboard.o(.text)
    DMA2_Stream5_IRQHandler                  0x08000243   Thumb Code     0  startup_ctboard.o(.text)
    DMA2_Stream6_IRQHandler                  0x08000243   Thumb Code     0  startup_ctboard.o(.text)
    DMA2_Stream7_IRQHandler                  0x08000243   Thumb Code     0  startup_ctboard.o(.text)
    ETH_IRQHandler                           0x08000243   Thumb Code     0  startup_ctboard.o(.text)
    ETH_WKUP_IRQHandler                      0x08000243   Thumb Code     0  startup_ctboard.o(.text)
    EXTI0_IRQHandler                         0x08000243   Thumb Code     0  startup_ctboard.o(.text)
    EXTI15_10_IRQHandler                     0x08000243   Thumb Code     0  startup_ctboard.o(.text)
    EXTI1_IRQHandler                         0x08000243   Thumb Code     0  startup_ctboard.o(.text)
    EXTI2_IRQHandler                         0x08000243   Thumb Code     0  startup_ctboard.o(.text)
    EXTI3_IRQHandler                         0x08000243   Thumb Code     0  startup_ctboard.o(.text)
    EXTI4_IRQHandler                         0x08000243   Thumb Code     0  startup_ctboard.o(.text)
    EXTI9_5_IRQHandler                       0x08000243   Thumb Code     0  startup_ctboard.o(.text)
    FLASH_IRQHandler                         0x08000243   Thumb Code     0  startup_ctboard.o(.text)
    FMC_IRQHandler                           0x08000243   Thumb Code     0  startup_ctboard.o(.text)
    FPU_IRQHandler                           0x08000243   Thumb Code     0  startup_ctboard.o(.text)
    HASH_RNG_IRQHandler                      0x08000243   Thumb Code     0  startup_ctboard.o(.text)
    I2C1_ER_IRQHandler                       0x08000243   Thumb Code     0  startup_ctboard.o(.text)
    I2C1_EV_IRQHandler                       0x08000243   Thumb Code     0  startup_ctboard.o(.text)
    I2C2_ER_IRQHandler                       0x08000243   Thumb Code     0  startup_ctboard.o(.text)
    I2C2_EV_IRQHandler                       0x08000243   Thumb Code     0  startup_ctboard.o(.text)
    I2C3_ER_IRQHandler                       0x08000243   Thumb Code     0  startup_ctboard.o(.text)
    I2C3_EV_IRQHandler                       0x08000243   Thumb Code     0  startup_ctboard.o(.text)
    LTDC_ER_IRQHandler                       0x08000243   Thumb Code     0  startup_ctboard.o(.text)
    LTDC_IRQHandler                          0x08000243   Thumb Code     0  startup_ctboard.o(.text)
    OTG_FS_IRQHandler                        0x08000243   Thumb Code     0  startup_ctboard.o(.text)
    OTG_FS_WKUP_IRQHandler                   0x08000243   Thumb Code     0  startup_ctboard.o(.text)
    OTG_HS_EP1_IN_IRQHandler                 0x08000243   Thumb Code     0  startup_ctboard.o(.text)
    OTG_HS_EP1_OUT_IRQHandler                0x08000243   Thumb Code     0  startup_ctboard.o(.text)
    OTG_HS_IRQHandler                        0x08000243   Thumb Code     0  startup_ctboard.o(.text)
    OTG_HS_WKUP_IRQHandler                   0x08000243   Thumb Code     0  startup_ctboard.o(.text)
    PVD_IRQHandler                           0x08000243   Thumb Code     0  startup_ctboard.o(.text)
    RCC_IRQHandler                           0x08000243   Thumb Code     0  startup_ctboard.o(.text)
    RTC_Alarm_IRQHandler                     0x08000243   Thumb Code     0  startup_ctboard.o(.text)
    RTC_WKUP_IRQHandler                      0x08000243   Thumb Code     0  startup_ctboard.o(.text)
    SAI1_IRQHandler                          0x08000243   Thumb Code     0  startup_ctboard.o(.text)
    SDIO_IRQHandler                          0x08000243   Thumb Code     0  startup_ctboard.o(.text)
    SPI1_IRQHandler                          0x08000243   Thumb Code     0  startup_ctboard.o(.text)
    SPI2_IRQHandler                          0x08000243   Thumb Code     0  startup_ctboard.o(.text)
    SPI3_IRQHandler                          0x08000243   Thumb Code     0  startup_ctboard.o(.text)
    SPI4_IRQHandler                          0x08000243   Thumb Code     0  startup_ctboard.o(.text)
    SPI5_IRQHandler                          0x08000243   Thumb Code     0  startup_ctboard.o(.text)
    SPI6_IRQHandler                          0x08000243   Thumb Code     0  startup_ctboard.o(.text)
    TAMP_STAMP_IRQHandler                    0x08000243   Thumb Code     0  startup_ctboard.o(.text)
    TIM1_BRK_TIM9_IRQHandler                 0x08000243   Thumb Code     0  startup_ctboard.o(.text)
    TIM1_CC_IRQHandler                       0x08000243   Thumb Code     0  startup_ctboard.o(.text)
    TIM1_TRG_COM_TIM11_IRQHandler            0x08000243   Thumb Code     0  startup_ctboard.o(.text)
    TIM1_UP_TIM10_IRQHandler                 0x08000243   Thumb Code     0  startup_ctboard.o(.text)
    TIM2_IRQHandler                          0x08000243   Thumb Code     0  startup_ctboard.o(.text)
    TIM3_IRQHandler                          0x08000243   Thumb Code     0  startup_ctboard.o(.text)
    TIM4_IRQHandler                          0x08000243   Thumb Code     0  startup_ctboard.o(.text)
    TIM5_IRQHandler                          0x08000243   Thumb Code     0  startup_ctboard.o(.text)
    TIM6_DAC_IRQHandler                      0x08000243   Thumb Code     0  startup_ctboard.o(.text)
    TIM7_IRQHandler                          0x08000243   Thumb Code     0  startup_ctboard.o(.text)
    TIM8_BRK_TIM12_IRQHandler                0x08000243   Thumb Code     0  startup_ctboard.o(.text)
    TIM8_CC_IRQHandler                       0x08000243   Thumb Code     0  startup_ctboard.o(.text)
    TIM8_TRG_COM_TIM14_IRQHandler            0x08000243   Thumb Code     0  startup_ctboard.o(.text)
    TIM8_UP_TIM13_IRQHandler                 0x08000243   Thumb Code     0  startup_ctboard.o(.text)
    UART4_IRQHandler                         0x08000243   Thumb Code     0  startup_ctboard.o(.text)
    UART5_IRQHandler                         0x08000243   Thumb Code     0  startup_ctboard.o(.text)
    UART7_IRQHandler                         0x08000243   Thumb Code     0  startup_ctboard.o(.text)
    UART8_IRQHandler                         0x08000243   Thumb Code     0  startup_ctboard.o(.text)
    USART1_IRQHandler                        0x08000243   Thumb Code     0  startup_ctboard.o(.text)
    USART2_IRQHandler                        0x08000243   Thumb Code     0  startup_ctboard.o(.text)
    USART3_IRQHandler                        0x08000243   Thumb Code     0  startup_ctboard.o(.text)
    USART6_IRQHandler                        0x08000243   Thumb Code     0  startup_ctboard.o(.text)
    WWDG_IRQHandler                          0x08000243   Thumb Code     0  startup_ctboard.o(.text)
    __system                                 0x0800024d   Thumb Code     8  system_ctboard.o(.text.__system)
    hal_fmc_init_sram                        0x08000255   Thumb Code   324  hal_fmc.o(.text.hal_fmc_init_sram)
    hal_gpio_init_alternate                  0x080003a1   Thumb Code   248  hal_gpio.o(.text.hal_gpio_init_alternate)
    hal_gpio_init_output                     0x08000499   Thumb Code   284  hal_gpio.o(.text.hal_gpio_init_output)
    hal_pwr_set_overdrive                    0x080005bd   Thumb Code     4  hal_pwr.o(.text.hal_pwr_set_overdrive)
    hal_rcc_reset                            0x080005c1   Thumb Code   104  hal_rcc.o(.text.hal_rcc_reset)
    hal_rcc_set_osc                          0x08000645   Thumb Code   108  hal_rcc.o(.text.hal_rcc_set_osc)
    hal_rcc_setup_clock                      0x080006b9   Thumb Code    92  hal_rcc.o(.text.hal_rcc_setup_clock)
    hal_rcc_setup_pll                        0x0800071d   Thumb Code   192  hal_rcc.o(.text.hal_rcc_setup_pll)
    main                                     0x080007f5   Thumb Code    28  main.o(.text.main)
    read8                                    0x08000819   Thumb Code     4  read.o(.text.read8)
    system_enter_run                         0x0800081d   Thumb Code   240  system_ctboard.o(.text.system_enter_run)
    toggle                                   0x08000959   Thumb Code    20  toggle.o(.text.toggle)
    write8                                   0x08000975   Thumb Code     4  write.o(.text.write8)
    Image$$RO$$Limit                         0x08000978   Number         0  anon$$obj.o ABSOLUTE
    Image$$RW$$Base                          0x20000000   Number         0  anon$$obj.o ABSOLUTE
    Image$$ZI$$Base                          0x20000008   Number         0  anon$$obj.o ABSOLUTE
    Stack_Mem                                0x20000010   Data        8192  startup_ctboard.o(STACK)
    Image$$ZI$$Limit                         0x20002010   Number         0  anon$$obj.o ABSOLUTE



==============================================================================

Memory Map of the image

  Image Entry point : 0x08000229

  Load Region LR_1 (Base: 0x08000000, Size: 0x0000097c, Max: 0xffffffff, ABSOLUTE)

    Execution Region ER_RO (Exec base: 0x08000000, Load base: 0x08000000, Size: 0x00000978, Max: 0xffffffff, ABSOLUTE)

    Exec Addr    Load Addr    Size         Type   Attr      Idx    E Section Name        Object

    0x08000000   0x08000000   0x000001ac   Data   RO           46    RESET               startup_ctboard.o
    0x080001ac   0x080001ac   0x0000007c   Code   RO           38    .text               datainit_ctboard.o
    0x08000228   0x08000228   0x00000024   Code   RO           47  * .text               startup_ctboard.o
    0x0800024c   0x0800024c   0x00000008   Code   RO           52    .text.__system      system_ctboard.o
    0x08000254   0x08000254   0x0000014c   Code   RO           72    .text.hal_fmc_init_sram  hal_fmc.o
    0x080003a0   0x080003a0   0x000000f8   Code   RO           90    .text.hal_gpio_init_alternate  hal_gpio.o
    0x08000498   0x08000498   0x00000124   Code   RO           88    .text.hal_gpio_init_output  hal_gpio.o
    0x080005bc   0x080005bc   0x00000004   Code   RO          128    .text.hal_pwr_set_overdrive  hal_pwr.o
    0x080005c0   0x080005c0   0x00000084   Code   RO          140    .text.hal_rcc_reset  hal_rcc.o
    0x08000644   0x08000644   0x00000074   Code   RO          144    .text.hal_rcc_set_osc  hal_rcc.o
    0x080006b8   0x080006b8   0x00000064   Code   RO          148    .text.hal_rcc_setup_clock  hal_rcc.o
    0x0800071c   0x0800071c   0x000000d8   Code   RO          146    .text.hal_rcc_setup_pll  hal_rcc.o
    0x080007f4   0x080007f4   0x00000024   Code   RO            2    .text.main          main.o
    0x08000818   0x08000818   0x00000004   Code   RO           22    .text.read8         read.o
    0x0800081c   0x0800081c   0x0000013c   Code   RO           54    .text.system_enter_run  system_ctboard.o
    0x08000958   0x08000958   0x0000001c   Code   RO           13    .text.toggle        toggle.o
    0x08000974   0x08000974   0x00000004   Code   RO           31    .text.write8        write.o


    Execution Region ER_RW (Exec base: 0x20000000, Load base: 0x08000978, Size: 0x00000004, Max: 0xffffffff, ABSOLUTE)

    Exec Addr    Load Addr    Size         Type   Attr      Idx    E Section Name        Object

    0x20000000   0x08000978   0x00000001   Data   RW           15    .data.value         toggle.o


    Execution Region ER_ZI (Exec base: 0x20000008, Load base: 0x0800097c, Size: 0x00002008, Max: 0xffffffff, ABSOLUTE)

    Exec Addr    Load Addr    Size         Type   Attr      Idx    E Section Name        Object

    0x20000008        -       0x00000001   Zero   RW            4    .bss.last           main.o
    0x20000009   0x0800097c   0x00000007   PAD
    0x20000010        -       0x00002000   Zero   RW           44    STACK               startup_ctboard.o


==============================================================================

Image component sizes


      Code (inc. data)   RO Data    RW Data    ZI Data      Debug   Object Name

       124         50          0          0          0        480   datainit_ctboard.o
       332          8          0          0          0       4284   hal_fmc.o
       540          8          0          0          0      13281   hal_gpio.o
         4          0          0          0          0       2357   hal_pwr.o
       564         68          0          0          0       5382   hal_rcc.o
        36          8          0          0          1        681   main.o
         4          0          0          0          0        662   read.o
        36          8        428          0       8192        848   startup_ctboard.o
       324         76          0          0          0       6932   system_ctboard.o
        28          8          0          1          0        556   toggle.o
         4          0          0          0          0        639   write.o

    ----------------------------------------------------------------------
      1996        234        428          4       8200      36102   Object Totals
         0          0          0          0          0          0   (incl. Generated)
         0          0          0          3          7          0   (incl. Padding)

    ----------------------------------------------------------------------
         0          0          0          0          0          0   Library Totals
         0          0          0          0          0          0   (incl. Padding)

    ----------------------------------------------------------------------

==============================================================================


      Code (inc. data)   RO Data    RW Data    ZI Data      Debug   

      1996        234        428          4       8200      35890   Grand Totals
      1996        234        428          4       8200      35890   ELF Image Totals
      1996        234        428          4          0          0   ROM Totals

==============================================================================

    Total RO  Size (Code + RO Data)                 2424 (   2.37kB)
    Total RW  Size (RW Data + ZI Data)              8204 (   8.01kB)
    Total ROM Size (Code + RO Data + RW Data)       2428 (   2.37kB)

==============================================================================

